2026-04-16 16:07:01 +02:00: 2026-04-16T16:07:01.640+02:00 WhatsApp session logged out. Run: openclaw channels login
2026-04-16 16:07:01 +02:00: [90m2026-04-16T16:07:01.647+02:00[39m [35m[whatsapp][39m [31m[default] channel exited: {"error":{"data":{"reason":"401","location":"cco"},"isBoom":true,"isServer":false,"output":{"statusCode":401,"payload":{"statusCode":401,"error":"Unauthorized","message":"Connection Failure"},"headers":{}}},"date":"2026-04-16T14:07:01.639Z"}[39m
2026-04-16 16:09:56 +02:00: 2026-04-16T16:09:56.863+02:00 WhatsApp session logged out. Run: openclaw channels login
2026-04-16 16:09:56 +02:00: [90m2026-04-16T16:09:56.867+02:00[39m [35m[whatsapp][39m [31m[default] channel exited: {"error":{"data":{"reason":"401","location":"cln"},"isBoom":true,"isServer":false,"output":{"statusCode":401,"payload":{"statusCode":401,"error":"Unauthorized","message":"Connection Failure"},"headers":{}}},"date":"2026-04-16T14:09:56.862Z"}[39m
2026-04-16 16:15:01 +02:00: 2026-04-16T16:15:01.147+02:00 WhatsApp session logged out. Run: openclaw channels login
2026-04-16 16:15:01 +02:00: [90m2026-04-16T16:15:01.157+02:00[39m [35m[whatsapp][39m [31m[default] channel exited: {"error":{"data":{"reason":"401","location":"odn"},"isBoom":true,"isServer":false,"output":{"statusCode":401,"payload":{"statusCode":401,"error":"Unauthorized","message":"Connection Failure"},"headers":{}}},"date":"2026-04-16T14:15:01.147Z"}[39m
2026-04-16 16:15:12 +02:00: 2026-04-16T16:15:12.268+02:00 WhatsApp session logged out. Run: openclaw channels login
2026-04-16 16:15:12 +02:00: [90m2026-04-16T16:15:12.274+02:00[39m [35m[whatsapp][39m [31m[default] channel exited: {"error":{"data":{"reason":"401","location":"rva"},"isBoom":true,"isServer":false,"output":{"statusCode":401,"payload":{"statusCode":401,"error":"Unauthorized","message":"Connection Failure"},"headers":{}}},"date":"2026-04-16T14:15:12.268Z"}[39m
2026-04-16 16:15:27 +02:00: 2026-04-16T16:15:27.917+02:00 WhatsApp session logged out. Run: openclaw channels login
2026-04-16 16:15:27 +02:00: [90m2026-04-16T16:15:27.928+02:00[39m [35m[whatsapp][39m [31m[default] channel exited: {"error":{"data":{"reason":"401","location":"vll"},"isBoom":true,"isServer":false,"output":{"statusCode":401,"payload":{"statusCode":401,"error":"Unauthorized","message":"Connection Failure"},"headers":{}}},"date":"2026-04-16T14:15:27.916Z"}[39m
2026-04-16 16:15:53 +02:00: 2026-04-16T16:15:53.708+02:00 WhatsApp session logged out. Run: openclaw channels login
2026-04-16 16:15:53 +02:00: [90m2026-04-16T16:15:53.735+02:00[39m [35m[whatsapp][39m [31m[default] channel exited: {"error":{"data":{"reason":"401","location":"odn"},"isBoom":true,"isServer":false,"output":{"statusCode":401,"payload":{"statusCode":401,"error":"Unauthorized","message":"Connection Failure"},"headers":{}}},"date":"2026-04-16T14:15:53.707Z"}[39m
2026-04-16 16:16:39 +02:00: 2026-04-16T16:16:38.994+02:00 WhatsApp session logged out. Run: openclaw channels login
2026-04-16 16:16:39 +02:00: [90m2026-04-16T16:16:39.004+02:00[39m [35m[whatsapp][39m [31m[default] channel exited: {"error":{"data":{"reason":"401","location":"atn"},"isBoom":true,"isServer":false,"output":{"statusCode":401,"payload":{"statusCode":401,"error":"Unauthorized","message":"Connection Failure"},"headers":{}}},"date":"2026-04-16T14:16:38.993Z"}[39m
2026-04-16 16:18:08 +02:00: 2026-04-16T16:18:08.981+02:00 WhatsApp session logged out. Run: openclaw channels login
2026-04-16 16:18:08 +02:00: [90m2026-04-16T16:18:08.986+02:00[39m [35m[whatsapp][39m [31m[default] channel exited: {"error":{"data":{"reason":"401","location":"vll"},"isBoom":true,"isServer":false,"output":{"statusCode":401,"payload":{"statusCode":401,"error":"Unauthorized","message":"Connection Failure"},"headers":{}}},"date":"2026-04-16T14:18:08.981Z"}[39m
2026-04-16 16:21:01 +02:00: 2026-04-16T16:21:01.789+02:00 WhatsApp session logged out. Run: openclaw channels login
2026-04-16 16:21:01 +02:00: [90m2026-04-16T16:21:01.795+02:00[39m [35m[whatsapp][39m [31m[default] channel exited: {"error":{"data":{"reason":"401","location":"lla"},"isBoom":true,"isServer":false,"output":{"statusCode":401,"payload":{"statusCode":401,"error":"Unauthorized","message":"Connection Failure"},"headers":{}}},"date":"2026-04-16T14:21:01.789Z"}[39m
2026-04-16 16:26:04 +02:00: 2026-04-16T16:26:04.161+02:00 WhatsApp session logged out. Run: openclaw channels login
2026-04-16 16:26:04 +02:00: [90m2026-04-16T16:26:04.167+02:00[39m [35m[whatsapp][39m [31m[default] channel exited: {"error":{"data":{"reason":"401","location":"cco"},"isBoom":true,"isServer":false,"output":{"statusCode":401,"payload":{"statusCode":401,"error":"Unauthorized","message":"Connection Failure"},"headers":{}}},"date":"2026-04-16T14:26:04.160Z"}[39m
2026-04-16 16:31:09 +02:00: 2026-04-16T16:31:09.259+02:00 WhatsApp session logged out. Run: openclaw channels login
2026-04-16 16:31:09 +02:00: [90m2026-04-16T16:31:09.266+02:00[39m [35m[whatsapp][39m [31m[default] channel exited: {"error":{"data":{"reason":"401","location":"cco"},"isBoom":true,"isServer":false,"output":{"statusCode":401,"payload":{"statusCode":401,"error":"Unauthorized","message":"Connection Failure"},"headers":{}}},"date":"2026-04-16T14:31:09.258Z"}[39m
2026-04-16 16:31:18 +02:00: 2026-04-16T16:31:18.820+02:00 WhatsApp session logged out. Run: openclaw channels login
2026-04-16 16:31:18 +02:00: [90m2026-04-16T16:31:18.834+02:00[39m [35m[whatsapp][39m [31m[default] channel exited: {"error":{"data":{"reason":"401","location":"vll"},"isBoom":true,"isServer":false,"output":{"statusCode":401,"payload":{"statusCode":401,"error":"Unauthorized","message":"Connection Failure"},"headers":{}}},"date":"2026-04-16T14:31:18.820Z"}[39m
2026-04-16 16:31:32 +02:00: 2026-04-16T16:31:32.407+02:00 WhatsApp session logged out. Run: openclaw channels login
2026-04-16 16:31:32 +02:00: [90m2026-04-16T16:31:32.412+02:00[39m [35m[whatsapp][39m [31m[default] channel exited: {"error":{"data":{"reason":"401","location":"atn"},"isBoom":true,"isServer":false,"output":{"statusCode":401,"payload":{"statusCode":401,"error":"Unauthorized","message":"Connection Failure"},"headers":{}}},"date":"2026-04-16T14:31:32.407Z"}[39m
2026-04-16 16:31:59 +02:00: 2026-04-16T16:31:59.380+02:00 WhatsApp session logged out. Run: openclaw channels login
2026-04-16 16:31:59 +02:00: [90m2026-04-16T16:31:59.388+02:00[39m [35m[whatsapp][39m [31m[default] channel exited: {"error":{"data":{"reason":"401","location":"vll"},"isBoom":true,"isServer":false,"output":{"statusCode":401,"payload":{"statusCode":401,"error":"Unauthorized","message":"Connection Failure"},"headers":{}}},"date":"2026-04-16T14:31:59.379Z"}[39m
2026-04-16 16:32:42 +02:00: 2026-04-16T16:32:42.864+02:00 WhatsApp session logged out. Run: openclaw channels login
2026-04-16 16:32:42 +02:00: [90m2026-04-16T16:32:42.869+02:00[39m [35m[whatsapp][39m [31m[default] channel exited: {"error":{"data":{"reason":"401","location":"rva"},"isBoom":true,"isServer":false,"output":{"statusCode":401,"payload":{"statusCode":401,"error":"Unauthorized","message":"Connection Failure"},"headers":{}}},"date":"2026-04-16T14:32:42.863Z"}[39m
2026-04-16 16:34:14 +02:00: 2026-04-16T16:34:14.740+02:00 WhatsApp session logged out. Run: openclaw channels login
2026-04-16 16:34:14 +02:00: [90m2026-04-16T16:34:14.747+02:00[39m [35m[whatsapp][39m [31m[default] channel exited: {"error":{"data":{"reason":"401","location":"cco"},"isBoom":true,"isServer":false,"output":{"statusCode":401,"payload":{"statusCode":401,"error":"Unauthorized","message":"Connection Failure"},"headers":{}}},"date":"2026-04-16T14:34:14.739Z"}[39m
2026-04-16 16:37:05 +02:00: 2026-04-16T16:37:05.900+02:00 WhatsApp session logged out. Run: openclaw channels login
2026-04-16 16:37:05 +02:00: [90m2026-04-16T16:37:05.904+02:00[39m [35m[whatsapp][39m [31m[default] channel exited: {"error":{"data":{"reason":"401","location":"rva"},"isBoom":true,"isServer":false,"output":{"statusCode":401,"payload":{"statusCode":401,"error":"Unauthorized","message":"Connection Failure"},"headers":{}}},"date":"2026-04-16T14:37:05.899Z"}[39m
2026-04-16 16:42:07 +02:00: 2026-04-16T16:42:07.512+02:00 WhatsApp session logged out. Run: openclaw channels login
2026-04-16 16:42:07 +02:00: [90m2026-04-16T16:42:07.518+02:00[39m [35m[whatsapp][39m [31m[default] channel exited: {"error":{"data":{"reason":"401","location":"vll"},"isBoom":true,"isServer":false,"output":{"statusCode":401,"payload":{"statusCode":401,"error":"Unauthorized","message":"Connection Failure"},"headers":{}}},"date":"2026-04-16T14:42:07.512Z"}[39m
2026-04-16 16:47:08 +02:00: 2026-04-16T16:47:08.485+02:00 WhatsApp session logged out. Run: openclaw channels login
2026-04-16 16:47:08 +02:00: [90m2026-04-16T16:47:08.491+02:00[39m [35m[whatsapp][39m [31m[default] channel exited: {"error":{"data":{"reason":"401","location":"vll"},"isBoom":true,"isServer":false,"output":{"statusCode":401,"payload":{"statusCode":401,"error":"Unauthorized","message":"Connection Failure"},"headers":{}}},"date":"2026-04-16T14:47:08.484Z"}[39m
2026-04-16 16:47:16 +02:00: 2026-04-16T16:47:16.195+02:00 WhatsApp session logged out. Run: openclaw channels login
2026-04-16 16:47:16 +02:00: [90m2026-04-16T16:47:16.202+02:00[39m [35m[whatsapp][39m [31m[default] channel exited: {"error":{"data":{"reason":"401","location":"lla"},"isBoom":true,"isServer":false,"output":{"statusCode":401,"payload":{"statusCode":401,"error":"Unauthorized","message":"Connection Failure"},"headers":{}}},"date":"2026-04-16T14:47:16.190Z"}[39m
2026-04-16 16:47:28 +02:00: 2026-04-16T16:47:28.093+02:00 WhatsApp session logged out. Run: openclaw channels login
2026-04-16 16:47:28 +02:00: [90m2026-04-16T16:47:28.098+02:00[39m [35m[whatsapp][39m [31m[default] channel exited: {"error":{"data":{"reason":"401","location":"cco"},"isBoom":true,"isServer":false,"output":{"statusCode":401,"payload":{"statusCode":401,"error":"Unauthorized","message":"Connection Failure"},"headers":{}}},"date":"2026-04-16T14:47:28.092Z"}[39m
2026-04-16 16:47:55 +02:00: 2026-04-16T16:47:55.443+02:00 WhatsApp session logged out. Run: openclaw channels login
2026-04-16 16:47:55 +02:00: [90m2026-04-16T16:47:55.447+02:00[39m [35m[whatsapp][39m [31m[default] channel exited: {"error":{"data":{"reason":"401","location":"vll"},"isBoom":true,"isServer":false,"output":{"statusCode":401,"payload":{"statusCode":401,"error":"Unauthorized","message":"Connection Failure"},"headers":{}}},"date":"2026-04-16T14:47:55.443Z"}[39m
2026-04-16 16:48:39 +02:00: 2026-04-16T16:48:39.114+02:00 WhatsApp session logged out. Run: openclaw channels login
2026-04-16 16:48:39 +02:00: [90m2026-04-16T16:48:39.118+02:00[39m [35m[whatsapp][39m [31m[default] channel exited: {"error":{"data":{"reason":"401","location":"vll"},"isBoom":true,"isServer":false,"output":{"statusCode":401,"payload":{"statusCode":401,"error":"Unauthorized","message":"Connection Failure"},"headers":{}}},"date":"2026-04-16T14:48:39.113Z"}[39m
2026-04-16 16:50:03 +02:00: 2026-04-16T16:50:03.922+02:00 WhatsApp session logged out. Run: openclaw channels login
2026-04-16 16:50:03 +02:00: [90m2026-04-16T16:50:03.969+02:00[39m [35m[whatsapp][39m [31m[default] channel exited: {"error":{"data":{"reason":"401","location":"cco"},"isBoom":true,"isServer":false,"output":{"statusCode":401,"payload":{"statusCode":401,"error":"Unauthorized","message":"Connection Failure"},"headers":{}}},"date":"2026-04-16T14:50:03.921Z"}[39m
2026-04-16 16:52:54 +02:00: 2026-04-16T16:52:54.047+02:00 WhatsApp session logged out. Run: openclaw channels login
2026-04-16 16:52:54 +02:00: [90m2026-04-16T16:52:54.054+02:00[39m [35m[whatsapp][39m [31m[default] channel exited: {"error":{"data":{"reason":"401","location":"lla"},"isBoom":true,"isServer":false,"output":{"statusCode":401,"payload":{"statusCode":401,"error":"Unauthorized","message":"Connection Failure"},"headers":{}}},"date":"2026-04-16T14:52:54.047Z"}[39m
2026-04-16 16:53:02 +02:00: 2026-04-16T16:53:02.091+02:00 WhatsApp session logged out. Run: openclaw channels login
2026-04-16 16:53:02 +02:00: [90m2026-04-16T16:53:02.096+02:00[39m [35m[whatsapp][39m [31m[default] channel exited: {"error":{"data":{"reason":"401","location":"frc"},"isBoom":true,"isServer":false,"output":{"statusCode":401,"payload":{"statusCode":401,"error":"Unauthorized","message":"Connection Failure"},"headers":{}}},"date":"2026-04-16T14:53:02.090Z"}[39m
2026-04-16 16:53:17 +02:00: 2026-04-16T16:53:17.060+02:00 WhatsApp session logged out. Run: openclaw channels login
2026-04-16 16:53:17 +02:00: [90m2026-04-16T16:53:17.066+02:00[39m [35m[whatsapp][39m [31m[default] channel exited: {"error":{"data":{"reason":"401","location":"cln"},"isBoom":true,"isServer":false,"output":{"statusCode":401,"payload":{"statusCode":401,"error":"Unauthorized","message":"Connection Failure"},"headers":{}}},"date":"2026-04-16T14:53:17.060Z"}[39m
2026-04-16 16:53:41 +02:00: 2026-04-16T16:53:41.702+02:00 WhatsApp session logged out. Run: openclaw channels login
2026-04-16 16:53:41 +02:00: [90m2026-04-16T16:53:41.707+02:00[39m [35m[whatsapp][39m [31m[default] channel exited: {"error":{"data":{"reason":"401","location":"odn"},"isBoom":true,"isServer":false,"output":{"statusCode":401,"payload":{"statusCode":401,"error":"Unauthorized","message":"Connection Failure"},"headers":{}}},"date":"2026-04-16T14:53:41.702Z"}[39m
2026-04-16 16:54:25 +02:00: 2026-04-16T16:54:25.798+02:00 WhatsApp session logged out. Run: openclaw channels login
2026-04-16 16:54:25 +02:00: [90m2026-04-16T16:54:25.803+02:00[39m [35m[whatsapp][39m [31m[default] channel exited: {"error":{"data":{"reason":"401","location":"vll"},"isBoom":true,"isServer":false,"output":{"statusCode":401,"payload":{"statusCode":401,"error":"Unauthorized","message":"Connection Failure"},"headers":{}}},"date":"2026-04-16T14:54:25.797Z"}[39m
2026-04-16 16:55:45 +02:00: [90m2026-04-16T16:55:45.013+02:00[39m [31m[bonjour][39m [33mwatchdog detected non-announced service; attempting re-advertise (gateway fqdn=vmi3094196 (OpenClaw)._openclaw-gw._tcp.local. host=openclaw.local. port=18789 state=probing)[39m
2026-04-16 16:55:45 +02:00: [90m2026-04-16T16:55:45.017+02:00[39m [36m[ws][39m [33mhandshake timeout conn=042ca8f3-3b1e-4a45-a523-15cc80c1eb98 peer=[::1]:60606->[::1]:18789 remote=::1[39m
2026-04-16 16:55:45 +02:00: [90m2026-04-16T16:55:45.480+02:00[39m [36m[ws][39m [33mclosed before connect conn=042ca8f3-3b1e-4a45-a523-15cc80c1eb98 peer=[::1]:60606->[::1]:18789 remote=::1 fwd=47.15.108.187 origin=https://zydra.zynithic.com host=zydra.zynithic.com ua=Mozilla/5.0 (Macintosh; Intel Mac OS X 10_15_7) AppleWebKit/537.36 (KHTML, like Gecko) Chrome/147.0.0.0 Safari/537.36 code=1000 reason=n/a[39m
2026-04-16 16:55:55 +02:00: [90m2026-04-16T16:55:55.331+02:00[39m [31m[bonjour][39m [33mrestarting advertiser (service stuck in announcing for 10318ms (gateway fqdn=vmi3094196 (OpenClaw)._openclaw-gw._tcp.local. host=openclaw.local. port=18789 state=announcing))[39m
2026-04-16 16:55:55 +02:00: 2026-04-16T16:55:55.334+02:00 CIAO ANNOUNCEMENT CANCELLED
2026-04-16 16:56:04 +02:00: 2026-04-16T16:56:04.115+02:00 WhatsApp session logged out. Run: openclaw channels login
2026-04-16 16:56:04 +02:00: [90m2026-04-16T16:56:04.135+02:00[39m [35m[whatsapp][39m [31m[default] channel exited: {"error":{"data":{"reason":"401","location":"vll"},"isBoom":true,"isServer":false,"output":{"statusCode":401,"payload":{"statusCode":401,"error":"Unauthorized","message":"Connection Failure"},"headers":{}}},"date":"2026-04-16T14:56:04.114Z"}[39m
2026-04-16 16:56:14 +02:00: 2026-04-16T16:56:14.647+02:00 WhatsApp session logged out. Run: openclaw channels login
2026-04-16 16:56:14 +02:00: [90m2026-04-16T16:56:14.654+02:00[39m [35m[whatsapp][39m [31m[default] channel exited: {"error":{"data":{"reason":"401","location":"lla"},"isBoom":true,"isServer":false,"output":{"statusCode":401,"payload":{"statusCode":401,"error":"Unauthorized","message":"Connection Failure"},"headers":{}}},"date":"2026-04-16T14:56:14.647Z"}[39m
2026-04-16 16:56:26 +02:00: 2026-04-16T16:56:26.037+02:00 WhatsApp session logged out. Run: openclaw channels login
2026-04-16 16:56:26 +02:00: [90m2026-04-16T16:56:26.042+02:00[39m [35m[whatsapp][39m [31m[default] channel exited: {"error":{"data":{"reason":"401","location":"atn"},"isBoom":true,"isServer":false,"output":{"statusCode":401,"payload":{"statusCode":401,"error":"Unauthorized","message":"Connection Failure"},"headers":{}}},"date":"2026-04-16T14:56:26.036Z"}[39m
2026-04-16 16:56:49 +02:00: 2026-04-16T16:56:49.834+02:00 WhatsApp session logged out. Run: openclaw channels login
2026-04-16 16:56:49 +02:00: [90m2026-04-16T16:56:49.841+02:00[39m [35m[whatsapp][39m [31m[default] channel exited: {"error":{"data":{"reason":"401","location":"frc"},"isBoom":true,"isServer":false,"output":{"statusCode":401,"payload":{"statusCode":401,"error":"Unauthorized","message":"Connection Failure"},"headers":{}}},"date":"2026-04-16T14:56:49.834Z"}[39m
2026-04-16 16:57:33 +02:00: 2026-04-16T16:57:33.535+02:00 WhatsApp session logged out. Run: openclaw channels login
2026-04-16 16:57:33 +02:00: [90m2026-04-16T16:57:33.541+02:00[39m [35m[whatsapp][39m [31m[default] channel exited: {"error":{"data":{"reason":"401","location":"cln"},"isBoom":true,"isServer":false,"output":{"statusCode":401,"payload":{"statusCode":401,"error":"Unauthorized","message":"Connection Failure"},"headers":{}}},"date":"2026-04-16T14:57:33.534Z"}[39m
2026-04-16 16:59:03 +02:00: 2026-04-16T16:59:03.670+02:00 WhatsApp session logged out. Run: openclaw channels login
2026-04-16 16:59:03 +02:00: [90m2026-04-16T16:59:03.675+02:00[39m [35m[whatsapp][39m [31m[default] channel exited: {"error":{"data":{"reason":"401","location":"vll"},"isBoom":true,"isServer":false,"output":{"statusCode":401,"payload":{"statusCode":401,"error":"Unauthorized","message":"Connection Failure"},"headers":{}}},"date":"2026-04-16T14:59:03.669Z"}[39m
2026-04-16 17:02:23 +02:00: [90m2026-04-16T17:02:23.963+02:00[39m [31m[bonjour][39m [33mwatchdog detected non-announced service; attempting re-advertise (gateway fqdn=vmi3094196 (OpenClaw)._openclaw-gw._tcp.local. host=openclaw.local. port=18789 state=probing)[39m
2026-04-16 17:02:36 +02:00: [90m2026-04-16T17:02:36.211+02:00[39m [31m[bonjour][39m [33mrestarting advertiser (service stuck in announcing for 12248ms (gateway fqdn=vmi3094196 (OpenClaw)._openclaw-gw._tcp.local. host=openclaw.local. port=18789 state=announcing))[39m
2026-04-16 17:02:36 +02:00: 2026-04-16T17:02:36.213+02:00 CIAO ANNOUNCEMENT CANCELLED
2026-04-16 17:02:44 +02:00: 2026-04-16T17:02:44.442+02:00 WhatsApp session logged out. Run: openclaw channels login
2026-04-16 17:02:44 +02:00: [90m2026-04-16T17:02:44.453+02:00[39m [35m[whatsapp][39m [31m[default] channel exited: {"error":{"data":{"reason":"401","location":"cln"},"isBoom":true,"isServer":false,"output":{"statusCode":401,"payload":{"statusCode":401,"error":"Unauthorized","message":"Connection Failure"},"headers":{}}},"date":"2026-04-16T15:02:44.441Z"}[39m
2026-04-16 17:02:51 +02:00: 2026-04-16T17:02:51.971+02:00 WhatsApp session logged out. Run: openclaw channels login
2026-04-16 17:02:51 +02:00: [90m2026-04-16T17:02:51.976+02:00[39m [35m[whatsapp][39m [31m[default] channel exited: {"error":{"data":{"reason":"401","location":"frc"},"isBoom":true,"isServer":false,"output":{"statusCode":401,"payload":{"statusCode":401,"error":"Unauthorized","message":"Connection Failure"},"headers":{}}},"date":"2026-04-16T15:02:51.971Z"}[39m
2026-04-16 17:03:05 +02:00: 2026-04-16T17:03:05.225+02:00 WhatsApp session logged out. Run: openclaw channels login
2026-04-16 17:03:05 +02:00: [90m2026-04-16T17:03:05.229+02:00[39m [35m[whatsapp][39m [31m[default] channel exited: {"error":{"data":{"reason":"401","location":"frc"},"isBoom":true,"isServer":false,"output":{"statusCode":401,"payload":{"statusCode":401,"error":"Unauthorized","message":"Connection Failure"},"headers":{}}},"date":"2026-04-16T15:03:05.224Z"}[39m
2026-04-16 17:03:30 +02:00: 2026-04-16T17:03:30.019+02:00 WhatsApp session logged out. Run: openclaw channels login
2026-04-16 17:03:30 +02:00: [90m2026-04-16T17:03:30.023+02:00[39m [35m[whatsapp][39m [31m[default] channel exited: {"error":{"data":{"reason":"401","location":"odn"},"isBoom":true,"isServer":false,"output":{"statusCode":401,"payload":{"statusCode":401,"error":"Unauthorized","message":"Connection Failure"},"headers":{}}},"date":"2026-04-16T15:03:30.018Z"}[39m
2026-04-16 17:04:14 +02:00: 2026-04-16T17:04:14.064+02:00 WhatsApp session logged out. Run: openclaw channels login
2026-04-16 17:04:14 +02:00: [90m2026-04-16T17:04:14.069+02:00[39m [35m[whatsapp][39m [31m[default] channel exited: {"error":{"data":{"reason":"401","location":"odn"},"isBoom":true,"isServer":false,"output":{"statusCode":401,"payload":{"statusCode":401,"error":"Unauthorized","message":"Connection Failure"},"headers":{}}},"date":"2026-04-16T15:04:14.064Z"}[39m
2026-04-16 17:05:39 +02:00: 2026-04-16T17:05:39.314+02:00 WhatsApp session logged out. Run: openclaw channels login
2026-04-16 17:05:39 +02:00: [90m2026-04-16T17:05:39.319+02:00[39m [35m[whatsapp][39m [31m[default] channel exited: {"error":{"data":{"reason":"401","location":"atn"},"isBoom":true,"isServer":false,"output":{"statusCode":401,"payload":{"statusCode":401,"error":"Unauthorized","message":"Connection Failure"},"headers":{}}},"date":"2026-04-16T15:05:39.313Z"}[39m
2026-04-16 17:08:30 +02:00: 2026-04-16T17:08:30.015+02:00 WhatsApp session logged out. Run: openclaw channels login
2026-04-16 17:08:30 +02:00: [90m2026-04-16T17:08:30.021+02:00[39m [35m[whatsapp][39m [31m[default] channel exited: {"error":{"data":{"reason":"401","location":"rva"},"isBoom":true,"isServer":false,"output":{"statusCode":401,"payload":{"statusCode":401,"error":"Unauthorized","message":"Connection Failure"},"headers":{}}},"date":"2026-04-16T15:08:30.015Z"}[39m
2026-04-16 17:08:36 +02:00: 2026-04-16T17:08:36.938+02:00 WhatsApp session logged out. Run: openclaw channels login
2026-04-16 17:08:36 +02:00: [90m2026-04-16T17:08:36.946+02:00[39m [35m[whatsapp][39m [31m[default] channel exited: {"error":{"data":{"reason":"401","location":"cln"},"isBoom":true,"isServer":false,"output":{"statusCode":401,"payload":{"statusCode":401,"error":"Unauthorized","message":"Connection Failure"},"headers":{}}},"date":"2026-04-16T15:08:36.938Z"}[39m
2026-04-16 17:08:48 +02:00: 2026-04-16T17:08:48.906+02:00 WhatsApp session logged out. Run: openclaw channels login
2026-04-16 17:08:48 +02:00: [90m2026-04-16T17:08:48.911+02:00[39m [35m[whatsapp][39m [31m[default] channel exited: {"error":{"data":{"reason":"401","location":"cln"},"isBoom":true,"isServer":false,"output":{"statusCode":401,"payload":{"statusCode":401,"error":"Unauthorized","message":"Connection Failure"},"headers":{}}},"date":"2026-04-16T15:08:48.906Z"}[39m
2026-04-16 17:09:12 +02:00: 2026-04-16T17:09:12.273+02:00 WhatsApp session logged out. Run: openclaw channels login
2026-04-16 17:09:12 +02:00: [90m2026-04-16T17:09:12.279+02:00[39m [35m[whatsapp][39m [31m[default] channel exited: {"error":{"data":{"reason":"401","location":"rva"},"isBoom":true,"isServer":false,"output":{"statusCode":401,"payload":{"statusCode":401,"error":"Unauthorized","message":"Connection Failure"},"headers":{}}},"date":"2026-04-16T15:09:12.272Z"}[39m
2026-04-16 17:09:55 +02:00: 2026-04-16T17:09:55.260+02:00 WhatsApp session logged out. Run: openclaw channels login
2026-04-16 17:09:55 +02:00: [90m2026-04-16T17:09:55.265+02:00[39m [35m[whatsapp][39m [31m[default] channel exited: {"error":{"data":{"reason":"401","location":"odn"},"isBoom":true,"isServer":false,"output":{"statusCode":401,"payload":{"statusCode":401,"error":"Unauthorized","message":"Connection Failure"},"headers":{}}},"date":"2026-04-16T15:09:55.259Z"}[39m
2026-04-16 17:11:20 +02:00: 2026-04-16T17:11:20.578+02:00 WhatsApp session logged out. Run: openclaw channels login
2026-04-16 17:11:20 +02:00: [90m2026-04-16T17:11:20.583+02:00[39m [35m[whatsapp][39m [31m[default] channel exited: {"error":{"data":{"reason":"401","location":"cln"},"isBoom":true,"isServer":false,"output":{"statusCode":401,"payload":{"statusCode":401,"error":"Unauthorized","message":"Connection Failure"},"headers":{}}},"date":"2026-04-16T15:11:20.577Z"}[39m
2026-04-16 17:14:15 +02:00: 2026-04-16T17:14:15.867+02:00 WhatsApp session logged out. Run: openclaw channels login
2026-04-16 17:14:15 +02:00: [90m2026-04-16T17:14:15.873+02:00[39m [35m[whatsapp][39m [31m[default] channel exited: {"error":{"data":{"reason":"401","location":"cln"},"isBoom":true,"isServer":false,"output":{"statusCode":401,"payload":{"statusCode":401,"error":"Unauthorized","message":"Connection Failure"},"headers":{}}},"date":"2026-04-16T15:14:15.867Z"}[39m
2026-04-16 17:19:18 +02:00: 2026-04-16T17:19:18.713+02:00 WhatsApp session logged out. Run: openclaw channels login
2026-04-16 17:19:18 +02:00: [90m2026-04-16T17:19:18.717+02:00[39m [35m[whatsapp][39m [31m[default] channel exited: {"error":{"data":{"reason":"401","location":"vll"},"isBoom":true,"isServer":false,"output":{"statusCode":401,"payload":{"statusCode":401,"error":"Unauthorized","message":"Connection Failure"},"headers":{}}},"date":"2026-04-16T15:19:18.712Z"}[39m
2026-04-16 17:19:28 +02:00: 2026-04-16T17:19:28.127+02:00 WhatsApp session logged out. Run: openclaw channels login
2026-04-16 17:19:28 +02:00: [90m2026-04-16T17:19:28.133+02:00[39m [35m[whatsapp][39m [31m[default] channel exited: {"error":{"data":{"reason":"401","location":"cco"},"isBoom":true,"isServer":false,"output":{"statusCode":401,"payload":{"statusCode":401,"error":"Unauthorized","message":"Connection Failure"},"headers":{}}},"date":"2026-04-16T15:19:28.127Z"}[39m
2026-04-16 17:19:42 +02:00: 2026-04-16T17:19:42.318+02:00 WhatsApp session logged out. Run: openclaw channels login
2026-04-16 17:19:42 +02:00: [90m2026-04-16T17:19:42.323+02:00[39m [35m[whatsapp][39m [31m[default] channel exited: {"error":{"data":{"reason":"401","location":"cln"},"isBoom":true,"isServer":false,"output":{"statusCode":401,"payload":{"statusCode":401,"error":"Unauthorized","message":"Connection Failure"},"headers":{}}},"date":"2026-04-16T15:19:42.317Z"}[39m
2026-04-16 17:20:04 +02:00: 2026-04-16T17:20:04.339+02:00 WhatsApp session logged out. Run: openclaw channels login
2026-04-16 17:20:04 +02:00: [90m2026-04-16T17:20:04.343+02:00[39m [35m[whatsapp][39m [31m[default] channel exited: {"error":{"data":{"reason":"401","location":"lla"},"isBoom":true,"isServer":false,"output":{"statusCode":401,"payload":{"statusCode":401,"error":"Unauthorized","message":"Connection Failure"},"headers":{}}},"date":"2026-04-16T15:20:04.338Z"}[39m
2026-04-16 17:20:49 +02:00: 2026-04-16T17:20:49.919+02:00 WhatsApp session logged out. Run: openclaw channels login
2026-04-16 17:20:49 +02:00: [90m2026-04-16T17:20:49.926+02:00[39m [35m[whatsapp][39m [31m[default] channel exited: {"error":{"data":{"reason":"401","location":"atn"},"isBoom":true,"isServer":false,"output":{"statusCode":401,"payload":{"statusCode":401,"error":"Unauthorized","message":"Connection Failure"},"headers":{}}},"date":"2026-04-16T15:20:49.919Z"}[39m
2026-04-16 17:22:19 +02:00: 2026-04-16T17:22:19.316+02:00 WhatsApp session logged out. Run: openclaw channels login
2026-04-16 17:22:19 +02:00: [90m2026-04-16T17:22:19.320+02:00[39m [35m[whatsapp][39m [31m[default] channel exited: {"error":{"data":{"reason":"401","location":"rva"},"isBoom":true,"isServer":false,"output":{"statusCode":401,"payload":{"statusCode":401,"error":"Unauthorized","message":"Connection Failure"},"headers":{}}},"date":"2026-04-16T15:22:19.315Z"}[39m
2026-04-16 17:25:08 +02:00: 2026-04-16T17:25:08.333+02:00 WhatsApp session logged out. Run: openclaw channels login
2026-04-16 17:25:08 +02:00: [90m2026-04-16T17:25:08.339+02:00[39m [35m[whatsapp][39m [31m[default] channel exited: {"error":{"data":{"reason":"401","location":"rva"},"isBoom":true,"isServer":false,"output":{"statusCode":401,"payload":{"statusCode":401,"error":"Unauthorized","message":"Connection Failure"},"headers":{}}},"date":"2026-04-16T15:25:08.333Z"}[39m
2026-04-16 17:30:11 +02:00: 2026-04-16T17:30:11.309+02:00 WhatsApp session logged out. Run: openclaw channels login
2026-04-16 17:30:11 +02:00: [90m2026-04-16T17:30:11.316+02:00[39m [35m[whatsapp][39m [31m[default] channel exited: {"error":{"data":{"reason":"401","location":"lla"},"isBoom":true,"isServer":false,"output":{"statusCode":401,"payload":{"statusCode":401,"error":"Unauthorized","message":"Connection Failure"},"headers":{}}},"date":"2026-04-16T15:30:11.308Z"}[39m
2026-04-16 17:30:20 +02:00: 2026-04-16T17:30:20.120+02:00 WhatsApp session logged out. Run: openclaw channels login
2026-04-16 17:30:20 +02:00: [90m2026-04-16T17:30:20.126+02:00[39m [35m[whatsapp][39m [31m[default] channel exited: {"error":{"data":{"reason":"401","location":"odn"},"isBoom":true,"isServer":false,"output":{"statusCode":401,"payload":{"statusCode":401,"error":"Unauthorized","message":"Connection Failure"},"headers":{}}},"date":"2026-04-16T15:30:20.119Z"}[39m
2026-04-16 17:30:33 +02:00: 2026-04-16T17:30:33.694+02:00 WhatsApp session logged out. Run: openclaw channels login
2026-04-16 17:30:33 +02:00: [90m2026-04-16T17:30:33.711+02:00[39m [35m[whatsapp][39m [31m[default] channel exited: {"error":{"data":{"reason":"401","location":"lla"},"isBoom":true,"isServer":false,"output":{"statusCode":401,"payload":{"statusCode":401,"error":"Unauthorized","message":"Connection Failure"},"headers":{}}},"date":"2026-04-16T15:30:33.693Z"}[39m
2026-04-16 17:30:58 +02:00: 2026-04-16T17:30:58.026+02:00 WhatsApp session logged out. Run: openclaw channels login
2026-04-16 17:30:58 +02:00: [90m2026-04-16T17:30:58.033+02:00[39m [35m[whatsapp][39m [31m[default] channel exited: {"error":{"data":{"reason":"401","location":"odn"},"isBoom":true,"isServer":false,"output":{"statusCode":401,"payload":{"statusCode":401,"error":"Unauthorized","message":"Connection Failure"},"headers":{}}},"date":"2026-04-16T15:30:58.025Z"}[39m
2026-04-16 17:31:44 +02:00: 2026-04-16T17:31:44.463+02:00 WhatsApp session logged out. Run: openclaw channels login
2026-04-16 17:31:44 +02:00: [90m2026-04-16T17:31:44.503+02:00[39m [35m[whatsapp][39m [31m[default] channel exited: {"error":{"data":{"reason":"401","location":"lla"},"isBoom":true,"isServer":false,"output":{"statusCode":401,"payload":{"statusCode":401,"error":"Unauthorized","message":"Connection Failure"},"headers":{}}},"date":"2026-04-16T15:31:44.462Z"}[39m
2026-04-16 17:33:13 +02:00: 2026-04-16T17:33:13.897+02:00 WhatsApp session logged out. Run: openclaw channels login
2026-04-16 17:33:13 +02:00: [90m2026-04-16T17:33:13.902+02:00[39m [35m[whatsapp][39m [31m[default] channel exited: {"error":{"data":{"reason":"401","location":"atn"},"isBoom":true,"isServer":false,"output":{"statusCode":401,"payload":{"statusCode":401,"error":"Unauthorized","message":"Connection Failure"},"headers":{}}},"date":"2026-04-16T15:33:13.897Z"}[39m
2026-04-16 17:36:08 +02:00: 2026-04-16T17:36:08.611+02:00 WhatsApp session logged out. Run: openclaw channels login
2026-04-16 17:36:08 +02:00: [90m2026-04-16T17:36:08.616+02:00[39m [35m[whatsapp][39m [31m[default] channel exited: {"error":{"data":{"reason":"401","location":"frc"},"isBoom":true,"isServer":false,"output":{"statusCode":401,"payload":{"statusCode":401,"error":"Unauthorized","message":"Connection Failure"},"headers":{}}},"date":"2026-04-16T15:36:08.611Z"}[39m
2026-04-16 17:41:13 +02:00: 2026-04-16T17:41:13.235+02:00 WhatsApp session logged out. Run: openclaw channels login
2026-04-16 17:41:13 +02:00: [90m2026-04-16T17:41:13.242+02:00[39m [35m[whatsapp][39m [31m[default] channel exited: {"error":{"data":{"reason":"401","location":"lla"},"isBoom":true,"isServer":false,"output":{"statusCode":401,"payload":{"statusCode":401,"error":"Unauthorized","message":"Connection Failure"},"headers":{}}},"date":"2026-04-16T15:41:13.234Z"}[39m
2026-04-16 17:46:15 +02:00: 2026-04-16T17:46:15.980+02:00 WhatsApp session logged out. Run: openclaw channels login
2026-04-16 17:46:15 +02:00: [90m2026-04-16T17:46:15.988+02:00[39m [35m[whatsapp][39m [31m[default] channel exited: {"error":{"data":{"reason":"401","location":"cln"},"isBoom":true,"isServer":false,"output":{"statusCode":401,"payload":{"statusCode":401,"error":"Unauthorized","message":"Connection Failure"},"headers":{}}},"date":"2026-04-16T15:46:15.977Z"}[39m
2026-04-16 17:46:23 +02:00: 2026-04-16T17:46:23.581+02:00 WhatsApp session logged out. Run: openclaw channels login
2026-04-16 17:46:23 +02:00: [90m2026-04-16T17:46:23.593+02:00[39m [35m[whatsapp][39m [31m[default] channel exited: {"error":{"data":{"reason":"401","location":"cln"},"isBoom":true,"isServer":false,"output":{"statusCode":401,"payload":{"statusCode":401,"error":"Unauthorized","message":"Connection Failure"},"headers":{}}},"date":"2026-04-16T15:46:23.580Z"}[39m
2026-04-16 17:46:39 +02:00: 2026-04-16T17:46:39.943+02:00 WhatsApp session logged out. Run: openclaw channels login
2026-04-16 17:46:39 +02:00: [90m2026-04-16T17:46:39.947+02:00[39m [35m[whatsapp][39m [31m[default] channel exited: {"error":{"data":{"reason":"401","location":"vll"},"isBoom":true,"isServer":false,"output":{"statusCode":401,"payload":{"statusCode":401,"error":"Unauthorized","message":"Connection Failure"},"headers":{}}},"date":"2026-04-16T15:46:39.942Z"}[39m
2026-04-16 17:47:06 +02:00: 2026-04-16T17:47:06.396+02:00 WhatsApp session logged out. Run: openclaw channels login
2026-04-16 17:47:06 +02:00: [90m2026-04-16T17:47:06.405+02:00[39m [35m[whatsapp][39m [31m[default] channel exited: {"error":{"data":{"reason":"401","location":"frc"},"isBoom":true,"isServer":false,"output":{"statusCode":401,"payload":{"statusCode":401,"error":"Unauthorized","message":"Connection Failure"},"headers":{}}},"date":"2026-04-16T15:47:06.396Z"}[39m
2026-04-16 17:47:50 +02:00: 2026-04-16T17:47:50.439+02:00 WhatsApp session logged out. Run: openclaw channels login
2026-04-16 17:47:50 +02:00: [90m2026-04-16T17:47:50.445+02:00[39m [35m[whatsapp][39m [31m[default] channel exited: {"error":{"data":{"reason":"401","location":"frc"},"isBoom":true,"isServer":false,"output":{"statusCode":401,"payload":{"statusCode":401,"error":"Unauthorized","message":"Connection Failure"},"headers":{}}},"date":"2026-04-16T15:47:50.439Z"}[39m
2026-04-16 17:49:18 +02:00: 2026-04-16T17:49:18.221+02:00 WhatsApp session logged out. Run: openclaw channels login
2026-04-16 17:49:18 +02:00: [90m2026-04-16T17:49:18.225+02:00[39m [35m[whatsapp][39m [31m[default] channel exited: {"error":{"data":{"reason":"401","location":"frc"},"isBoom":true,"isServer":false,"output":{"statusCode":401,"payload":{"statusCode":401,"error":"Unauthorized","message":"Connection Failure"},"headers":{}}},"date":"2026-04-16T15:49:18.221Z"}[39m
2026-04-16 17:52:03 +02:00: 2026-04-16T17:52:03.484+02:00 WhatsApp session logged out. Run: openclaw channels login
2026-04-16 17:52:03 +02:00: [90m2026-04-16T17:52:03.490+02:00[39m [35m[whatsapp][39m [31m[default] channel exited: {"error":{"data":{"reason":"401","location":"atn"},"isBoom":true,"isServer":false,"output":{"statusCode":401,"payload":{"statusCode":401,"error":"Unauthorized","message":"Connection Failure"},"headers":{}}},"date":"2026-04-16T15:52:03.483Z"}[39m
2026-04-16 17:52:12 +02:00: [90m2026-04-16T17:52:12.611+02:00[39m [36m[ws][39m [33mhandshake timeout conn=d9ca660d-39fd-4326-88c3-f8f0173c65bf peer=[::1]:52292->[::1]:18789 remote=::1[39m
2026-04-16 17:52:13 +02:00: 2026-04-16T17:52:13.069+02:00 WhatsApp session logged out. Run: openclaw channels login
2026-04-16 17:52:13 +02:00: [90m2026-04-16T17:52:13.073+02:00[39m [35m[whatsapp][39m [31m[default] channel exited: {"error":{"data":{"reason":"401","location":"vll"},"isBoom":true,"isServer":false,"output":{"statusCode":401,"payload":{"statusCode":401,"error":"Unauthorized","message":"Connection Failure"},"headers":{}}},"date":"2026-04-16T15:52:13.068Z"}[39m
2026-04-16 17:52:27 +02:00: 2026-04-16T17:52:27.597+02:00 WhatsApp session logged out. Run: openclaw channels login
2026-04-16 17:52:27 +02:00: [90m2026-04-16T17:52:27.600+02:00[39m [35m[whatsapp][39m [31m[default] channel exited: {"error":{"data":{"reason":"401","location":"cln"},"isBoom":true,"isServer":false,"output":{"statusCode":401,"payload":{"statusCode":401,"error":"Unauthorized","message":"Connection Failure"},"headers":{}}},"date":"2026-04-16T15:52:27.596Z"}[39m
2026-04-16 17:52:42 +02:00: [90m2026-04-16T17:52:42.616+02:00[39m [36m[ws][39m [33mclosed before connect conn=d9ca660d-39fd-4326-88c3-f8f0173c65bf peer=[::1]:52292->[::1]:18789 remote=::1 fwd=47.15.81.172 origin=https://zydra.zynithic.com host=zydra.zynithic.com ua=Mozilla/5.0 (Macintosh; Intel Mac OS X 10_15_7) AppleWebKit/537.36 (KHTML, like Gecko) Chrome/147.0.0.0 Safari/537.36 code=1006 reason=n/a[39m
2026-04-16 17:52:51 +02:00: 2026-04-16T17:52:51.652+02:00 WhatsApp session logged out. Run: openclaw channels login
2026-04-16 17:52:51 +02:00: [90m2026-04-16T17:52:51.656+02:00[39m [35m[whatsapp][39m [31m[default] channel exited: {"error":{"data":{"reason":"401","location":"cln"},"isBoom":true,"isServer":false,"output":{"statusCode":401,"payload":{"statusCode":401,"error":"Unauthorized","message":"Connection Failure"},"headers":{}}},"date":"2026-04-16T15:52:51.651Z"}[39m
2026-04-16 17:53:36 +02:00: 2026-04-16T17:53:36.118+02:00 WhatsApp session logged out. Run: openclaw channels login
2026-04-16 17:53:36 +02:00: [90m2026-04-16T17:53:36.124+02:00[39m [35m[whatsapp][39m [31m[default] channel exited: {"error":{"data":{"reason":"401","location":"vll"},"isBoom":true,"isServer":false,"output":{"statusCode":401,"payload":{"statusCode":401,"error":"Unauthorized","message":"Connection Failure"},"headers":{}}},"date":"2026-04-16T15:53:36.117Z"}[39m
2026-04-16 17:55:01 +02:00: 2026-04-16T17:55:01.638+02:00 WhatsApp session logged out. Run: openclaw channels login
2026-04-16 17:55:01 +02:00: [90m2026-04-16T17:55:01.648+02:00[39m [35m[whatsapp][39m [31m[default] channel exited: {"error":{"data":{"reason":"401","location":"lla"},"isBoom":true,"isServer":false,"output":{"statusCode":401,"payload":{"statusCode":401,"error":"Unauthorized","message":"Connection Failure"},"headers":{}}},"date":"2026-04-16T15:55:01.638Z"}[39m
2026-04-16 17:58:02 +02:00: 2026-04-16T17:58:02.002+02:00 WhatsApp session logged out. Run: openclaw channels login
2026-04-16 17:58:02 +02:00: [90m2026-04-16T17:58:02.008+02:00[39m [35m[whatsapp][39m [31m[default] channel exited: {"error":{"data":{"reason":"401","location":"frc"},"isBoom":true,"isServer":false,"output":{"statusCode":401,"payload":{"statusCode":401,"error":"Unauthorized","message":"Connection Failure"},"headers":{}}},"date":"2026-04-16T15:58:02.002Z"}[39m
2026-04-16 18:03:02 +02:00: 2026-04-16T18:03:02.762+02:00 WhatsApp session logged out. Run: openclaw channels login
2026-04-16 18:03:02 +02:00: [90m2026-04-16T18:03:02.769+02:00[39m [35m[whatsapp][39m [31m[default] channel exited: {"error":{"data":{"reason":"401","location":"odn"},"isBoom":true,"isServer":false,"output":{"statusCode":401,"payload":{"statusCode":401,"error":"Unauthorized","message":"Connection Failure"},"headers":{}}},"date":"2026-04-16T16:03:02.762Z"}[39m
2026-04-16 18:03:09 +02:00: 2026-04-16T18:03:09.103+02:00 WhatsApp session logged out. Run: openclaw channels login
2026-04-16 18:03:09 +02:00: [90m2026-04-16T18:03:09.107+02:00[39m [35m[whatsapp][39m [31m[default] channel exited: {"error":{"data":{"reason":"401","location":"lla"},"isBoom":true,"isServer":false,"output":{"statusCode":401,"payload":{"statusCode":401,"error":"Unauthorized","message":"Connection Failure"},"headers":{}}},"date":"2026-04-16T16:03:09.103Z"}[39m
2026-04-16 18:03:22 +02:00: 2026-04-16T18:03:22.895+02:00 WhatsApp session logged out. Run: openclaw channels login
2026-04-16 18:03:22 +02:00: [90m2026-04-16T18:03:22.898+02:00[39m [35m[whatsapp][39m [31m[default] channel exited: {"error":{"data":{"reason":"401","location":"rva"},"isBoom":true,"isServer":false,"output":{"statusCode":401,"payload":{"statusCode":401,"error":"Unauthorized","message":"Connection Failure"},"headers":{}}},"date":"2026-04-16T16:03:22.894Z"}[39m
2026-04-16 18:03:47 +02:00: 2026-04-16T18:03:47.234+02:00 WhatsApp session logged out. Run: openclaw channels login
2026-04-16 18:03:47 +02:00: [90m2026-04-16T18:03:47.239+02:00[39m [35m[whatsapp][39m [31m[default] channel exited: {"error":{"data":{"reason":"401","location":"vll"},"isBoom":true,"isServer":false,"output":{"statusCode":401,"payload":{"statusCode":401,"error":"Unauthorized","message":"Connection Failure"},"headers":{}}},"date":"2026-04-16T16:03:47.233Z"}[39m
2026-04-16 18:04:31 +02:00: 2026-04-16T18:04:31.804+02:00 WhatsApp session logged out. Run: openclaw channels login
2026-04-16 18:04:31 +02:00: [90m2026-04-16T18:04:31.809+02:00[39m [35m[whatsapp][39m [31m[default] channel exited: {"error":{"data":{"reason":"401","location":"cln"},"isBoom":true,"isServer":false,"output":{"statusCode":401,"payload":{"statusCode":401,"error":"Unauthorized","message":"Connection Failure"},"headers":{}}},"date":"2026-04-16T16:04:31.804Z"}[39m
2026-04-16 18:05:59 +02:00: 2026-04-16T18:05:59.518+02:00 WhatsApp session logged out. Run: openclaw channels login
2026-04-16 18:05:59 +02:00: [90m2026-04-16T18:05:59.560+02:00[39m [35m[whatsapp][39m [31m[default] channel exited: {"error":{"data":{"reason":"401","location":"cco"},"isBoom":true,"isServer":false,"output":{"statusCode":401,"payload":{"statusCode":401,"error":"Unauthorized","message":"Connection Failure"},"headers":{}}},"date":"2026-04-16T16:05:59.518Z"}[39m
2026-04-16 18:08:49 +02:00: 2026-04-16T18:08:49.149+02:00 WhatsApp session logged out. Run: openclaw channels login
2026-04-16 18:08:49 +02:00: [90m2026-04-16T18:08:49.154+02:00[39m [35m[whatsapp][39m [31m[default] channel exited: {"error":{"data":{"reason":"401","location":"cco"},"isBoom":true,"isServer":false,"output":{"statusCode":401,"payload":{"statusCode":401,"error":"Unauthorized","message":"Connection Failure"},"headers":{}}},"date":"2026-04-16T16:08:49.149Z"}[39m
2026-04-16 18:13:50 +02:00: 2026-04-16T18:13:50.853+02:00 WhatsApp session logged out. Run: openclaw channels login
2026-04-16 18:13:50 +02:00: [90m2026-04-16T18:13:50.859+02:00[39m [35m[whatsapp][39m [31m[default] channel exited: {"error":{"data":{"reason":"401","location":"atn"},"isBoom":true,"isServer":false,"output":{"statusCode":401,"payload":{"statusCode":401,"error":"Unauthorized","message":"Connection Failure"},"headers":{}}},"date":"2026-04-16T16:13:50.852Z"}[39m
2026-04-16 18:13:57 +02:00: 2026-04-16T18:13:57.363+02:00 WhatsApp session logged out. Run: openclaw channels login
2026-04-16 18:13:57 +02:00: [90m2026-04-16T18:13:57.366+02:00[39m [35m[whatsapp][39m [31m[default] channel exited: {"error":{"data":{"reason":"401","location":"rva"},"isBoom":true,"isServer":false,"output":{"statusCode":401,"payload":{"statusCode":401,"error":"Unauthorized","message":"Connection Failure"},"headers":{}}},"date":"2026-04-16T16:13:57.362Z"}[39m
2026-04-16 18:14:12 +02:00: 2026-04-16T18:14:12.672+02:00 WhatsApp session logged out. Run: openclaw channels login
2026-04-16 18:14:12 +02:00: [90m2026-04-16T18:14:12.675+02:00[39m [35m[whatsapp][39m [31m[default] channel exited: {"error":{"data":{"reason":"401","location":"vll"},"isBoom":true,"isServer":false,"output":{"statusCode":401,"payload":{"statusCode":401,"error":"Unauthorized","message":"Connection Failure"},"headers":{}}},"date":"2026-04-16T16:14:12.671Z"}[39m
2026-04-16 18:14:35 +02:00: 2026-04-16T18:14:35.444+02:00 WhatsApp session logged out. Run: openclaw channels login
2026-04-16 18:14:35 +02:00: [90m2026-04-16T18:14:35.450+02:00[39m [35m[whatsapp][39m [31m[default] channel exited: {"error":{"data":{"reason":"401","location":"vll"},"isBoom":true,"isServer":false,"output":{"statusCode":401,"payload":{"statusCode":401,"error":"Unauthorized","message":"Connection Failure"},"headers":{}}},"date":"2026-04-16T16:14:35.444Z"}[39m
2026-04-16 18:15:20 +02:00: 2026-04-16T18:15:20.672+02:00 WhatsApp session logged out. Run: openclaw channels login
2026-04-16 18:15:20 +02:00: [90m2026-04-16T18:15:20.679+02:00[39m [35m[whatsapp][39m [31m[default] channel exited: {"error":{"data":{"reason":"401","location":"cln"},"isBoom":true,"isServer":false,"output":{"statusCode":401,"payload":{"statusCode":401,"error":"Unauthorized","message":"Connection Failure"},"headers":{}}},"date":"2026-04-16T16:15:20.671Z"}[39m
2026-04-16 18:16:48 +02:00: 2026-04-16T18:16:48.782+02:00 WhatsApp session logged out. Run: openclaw channels login
2026-04-16 18:16:48 +02:00: [90m2026-04-16T18:16:48.786+02:00[39m [35m[whatsapp][39m [31m[default] channel exited: {"error":{"data":{"reason":"401","location":"vll"},"isBoom":true,"isServer":false,"output":{"statusCode":401,"payload":{"statusCode":401,"error":"Unauthorized","message":"Connection Failure"},"headers":{}}},"date":"2026-04-16T16:16:48.781Z"}[39m
2026-04-16 18:19:39 +02:00: 2026-04-16T18:19:39.490+02:00 WhatsApp session logged out. Run: openclaw channels login
2026-04-16 18:19:39 +02:00: [90m2026-04-16T18:19:39.496+02:00[39m [35m[whatsapp][39m [31m[default] channel exited: {"error":{"data":{"reason":"401","location":"rva"},"isBoom":true,"isServer":false,"output":{"statusCode":401,"payload":{"statusCode":401,"error":"Unauthorized","message":"Connection Failure"},"headers":{}}},"date":"2026-04-16T16:19:39.489Z"}[39m
2026-04-16 18:24:44 +02:00: 2026-04-16T18:24:44.363+02:00 WhatsApp session logged out. Run: openclaw channels login
2026-04-16 18:24:44 +02:00: [90m2026-04-16T18:24:44.373+02:00[39m [35m[whatsapp][39m [31m[default] channel exited: {"error":{"data":{"reason":"401","location":"cco"},"isBoom":true,"isServer":false,"output":{"statusCode":401,"payload":{"statusCode":401,"error":"Unauthorized","message":"Connection Failure"},"headers":{}}},"date":"2026-04-16T16:24:44.360Z"}[39m
2026-04-16 18:24:51 +02:00: 2026-04-16T18:24:51.562+02:00 WhatsApp session logged out. Run: openclaw channels login
2026-04-16 18:24:51 +02:00: [90m2026-04-16T18:24:51.569+02:00[39m [35m[whatsapp][39m [31m[default] channel exited: {"error":{"data":{"reason":"401","location":"vll"},"isBoom":true,"isServer":false,"output":{"statusCode":401,"payload":{"statusCode":401,"error":"Unauthorized","message":"Connection Failure"},"headers":{}}},"date":"2026-04-16T16:24:51.561Z"}[39m
2026-04-16 18:25:06 +02:00: 2026-04-16T18:25:05.998+02:00 WhatsApp session logged out. Run: openclaw channels login
2026-04-16 18:25:06 +02:00: [90m2026-04-16T18:25:06.004+02:00[39m [35m[whatsapp][39m [31m[default] channel exited: {"error":{"data":{"reason":"401","location":"vll"},"isBoom":true,"isServer":false,"output":{"statusCode":401,"payload":{"statusCode":401,"error":"Unauthorized","message":"Connection Failure"},"headers":{}}},"date":"2026-04-16T16:25:05.997Z"}[39m
2026-04-16 18:25:28 +02:00: 2026-04-16T18:25:28.913+02:00 WhatsApp session logged out. Run: openclaw channels login
2026-04-16 18:25:28 +02:00: [90m2026-04-16T18:25:28.917+02:00[39m [35m[whatsapp][39m [31m[default] channel exited: {"error":{"data":{"reason":"401","location":"cco"},"isBoom":true,"isServer":false,"output":{"statusCode":401,"payload":{"statusCode":401,"error":"Unauthorized","message":"Connection Failure"},"headers":{}}},"date":"2026-04-16T16:25:28.912Z"}[39m
2026-04-16 18:26:15 +02:00: 2026-04-16T18:26:15.046+02:00 WhatsApp session logged out. Run: openclaw channels login
2026-04-16 18:26:15 +02:00: [90m2026-04-16T18:26:15.061+02:00[39m [35m[whatsapp][39m [31m[default] channel exited: {"error":{"data":{"reason":"401","location":"rva"},"isBoom":true,"isServer":false,"output":{"statusCode":401,"payload":{"statusCode":401,"error":"Unauthorized","message":"Connection Failure"},"headers":{}}},"date":"2026-04-16T16:26:15.044Z"}[39m
2026-04-16 18:27:41 +02:00: 2026-04-16T18:27:41.643+02:00 WhatsApp session logged out. Run: openclaw channels login
2026-04-16 18:27:41 +02:00: [90m2026-04-16T18:27:41.651+02:00[39m [35m[whatsapp][39m [31m[default] channel exited: {"error":{"data":{"reason":"401","location":"rva"},"isBoom":true,"isServer":false,"output":{"statusCode":401,"payload":{"statusCode":401,"error":"Unauthorized","message":"Connection Failure"},"headers":{}}},"date":"2026-04-16T16:27:41.642Z"}[39m
2026-04-16 18:30:37 +02:00: 2026-04-16T18:30:37.184+02:00 WhatsApp session logged out. Run: openclaw channels login
2026-04-16 18:30:37 +02:00: [90m2026-04-16T18:30:37.191+02:00[39m [35m[whatsapp][39m [31m[default] channel exited: {"error":{"data":{"reason":"401","location":"odn"},"isBoom":true,"isServer":false,"output":{"statusCode":401,"payload":{"statusCode":401,"error":"Unauthorized","message":"Connection Failure"},"headers":{}}},"date":"2026-04-16T16:30:37.182Z"}[39m
2026-04-16 18:35:41 +02:00: 2026-04-16T18:35:41.306+02:00 WhatsApp session logged out. Run: openclaw channels login
2026-04-16 18:35:41 +02:00: [90m2026-04-16T18:35:41.315+02:00[39m [35m[whatsapp][39m [31m[default] channel exited: {"error":{"data":{"reason":"401","location":"atn"},"isBoom":true,"isServer":false,"output":{"statusCode":401,"payload":{"statusCode":401,"error":"Unauthorized","message":"Connection Failure"},"headers":{}}},"date":"2026-04-16T16:35:41.305Z"}[39m
2026-04-16 18:35:49 +02:00: 2026-04-16T18:35:49.848+02:00 WhatsApp session logged out. Run: openclaw channels login
2026-04-16 18:35:49 +02:00: [90m2026-04-16T18:35:49.855+02:00[39m [35m[whatsapp][39m [31m[default] channel exited: {"error":{"data":{"reason":"401","location":"lla"},"isBoom":true,"isServer":false,"output":{"statusCode":401,"payload":{"statusCode":401,"error":"Unauthorized","message":"Connection Failure"},"headers":{}}},"date":"2026-04-16T16:35:49.847Z"}[39m
